../Middlewares/ST/touchgfx/framework/include/touchgfx/hal/HAL.hpp:110:17:static touchgfx::HAL* touchgfx::HAL::getInstance()	4	static
../TouchGFX/target/generated/OSWrappers.cpp:33:6:static void touchgfx::OSWrappers::initialize()	4	static
../TouchGFX/target/generated/OSWrappers.cpp:42:6:static void touchgfx::OSWrappers::takeFrameBufferSemaphore()	4	static
../TouchGFX/target/generated/OSWrappers.cpp:51:6:static void touchgfx::OSWrappers::giveFrameBufferSemaphore()	4	static
../TouchGFX/target/generated/OSWrappers.cpp:63:6:static void touchgfx::OSWrappers::tryTakeFrameBufferSemaphore()	4	static
../TouchGFX/target/generated/OSWrappers.cpp:75:6:static void touchgfx::OSWrappers::giveFrameBufferSemaphoreFromISR()	4	static
../TouchGFX/target/generated/OSWrappers.cpp:86:6:static void touchgfx::OSWrappers::signalVSync()	4	static
../TouchGFX/target/generated/OSWrappers.cpp:95:6:static void touchgfx::OSWrappers::signalRenderingDone()	4	static
../TouchGFX/target/generated/OSWrappers.cpp:109:6:static bool touchgfx::OSWrappers::isVSyncAvailable()	4	static
../TouchGFX/target/generated/OSWrappers.cpp:118:6:static void touchgfx::OSWrappers::waitForVSync()	8	static
../TouchGFX/target/generated/OSWrappers.cpp:140:6:static void touchgfx::OSWrappers::taskDelay(uint16_t)	16	static
../TouchGFX/target/generated/OSWrappers.cpp:155:6:static void touchgfx::OSWrappers::taskYield()	4	static
